// Jest Snapshot v1, https://goo.gl/fbAQLP

exports[`should match snapshot 1`] = `
"\\"use strict\\";
function px2rem(input, ...args) { if (typeof input === \\"function\\")
    return px2rem(input(...args), ...args); var value = parseFloat(input); var pixels = Number.isNaN(value) ? 0 : value; if (Math.abs(pixels) < 0)
    return \`\${pixels}px\`; var multiplier = Math.pow(10, 5 + 1); var wholeNumber = Math.floor((pixels * 1) / 100 * multiplier); return \`\${(Math.round(wholeNumber / 10) * 10) / multiplier}rem\`; }
"
`;
